// Jest Snapshot v1, https://goo.gl/fbAQLP

exports[`Button snapshot estável por variante: danger 1`] = `"<div class="css-view-g5y9jx" style="transform: scale(1);"><button aria-label="A" role="button" tabindex="0" class="css-view-g5y9jx r-cursor-1loqt21 r-touchAction-1otgn73 r-alignItems-1awozwy r-borderRadius-1xfd6ze r-justifyContent-1777fci r-minHeight-peo1c r-paddingBlock-ytbthy r-paddingInline-cxgwc0" style="background-color: rgb(239, 71, 111); border-top-color: rgba(0, 0, 0, 0); border-right-color: rgba(0, 0, 0, 0); border-bottom-color: rgba(0, 0, 0, 0); border-left-color: rgba(0, 0, 0, 0); border-top-width: 0px; border-right-width: 0px; border-bottom-width: 0px; border-left-width: 0px; opacity: 1;" type="button"><div dir="auto" class="css-text-146c3p1 r-fontSize-ubezar r-fontWeight-1kfrs79" style="color: rgb(255, 255, 255);">A</div></button></div>"`;

exports[`Button snapshot estável por variante: ghost 1`] = `"<div class="css-view-g5y9jx" style="transform: scale(1);"><button aria-label="A" role="button" tabindex="0" class="css-view-g5y9jx r-cursor-1loqt21 r-touchAction-1otgn73 r-alignItems-1awozwy r-borderRadius-1xfd6ze r-justifyContent-1777fci r-minHeight-peo1c r-paddingBlock-ytbthy r-paddingInline-cxgwc0" style="background-color: rgba(0, 0, 0, 0); border-top-color: rgba(0, 0, 0, 0); border-right-color: rgba(0, 0, 0, 0); border-bottom-color: rgba(0, 0, 0, 0); border-left-color: rgba(0, 0, 0, 0); border-top-width: 0px; border-right-width: 0px; border-bottom-width: 0px; border-left-width: 0px; opacity: 1;" type="button"><div dir="auto" class="css-text-146c3p1 r-fontSize-ubezar r-fontWeight-1kfrs79" style="color: rgb(67, 97, 238);">A</div></button></div>"`;

exports[`Button snapshot estável por variante: primary 1`] = `"<div class="css-view-g5y9jx" style="transform: scale(1);"><button aria-label="A" role="button" tabindex="0" class="css-view-g5y9jx r-cursor-1loqt21 r-touchAction-1otgn73 r-alignItems-1awozwy r-borderRadius-1xfd6ze r-justifyContent-1777fci r-minHeight-peo1c r-paddingBlock-ytbthy r-paddingInline-cxgwc0" style="background-color: rgb(67, 97, 238); border-top-color: rgba(0, 0, 0, 0); border-right-color: rgba(0, 0, 0, 0); border-bottom-color: rgba(0, 0, 0, 0); border-left-color: rgba(0, 0, 0, 0); border-top-width: 0px; border-right-width: 0px; border-bottom-width: 0px; border-left-width: 0px; opacity: 1;" type="button"><div dir="auto" class="css-text-146c3p1 r-fontSize-ubezar r-fontWeight-1kfrs79" style="color: rgb(255, 255, 255);">A</div></button></div>"`;

exports[`Button snapshot estável por variante: secondary 1`] = `"<div class="css-view-g5y9jx" style="transform: scale(1);"><button aria-label="A" role="button" tabindex="0" class="css-view-g5y9jx r-cursor-1loqt21 r-touchAction-1otgn73 r-alignItems-1awozwy r-borderRadius-1xfd6ze r-justifyContent-1777fci r-minHeight-peo1c r-paddingBlock-ytbthy r-paddingInline-cxgwc0" style="background-color: rgba(0, 0, 0, 0); border-top-color: rgb(67, 97, 238); border-right-color: rgb(67, 97, 238); border-bottom-color: rgb(67, 97, 238); border-left-color: rgb(67, 97, 238); border-top-width: 1px; border-right-width: 1px; border-bottom-width: 1px; border-left-width: 1px; opacity: 1;" type="button"><div dir="auto" class="css-text-146c3p1 r-fontSize-ubezar r-fontWeight-1kfrs79" style="color: rgb(67, 97, 238);">A</div></button></div>"`;
