// Jest Snapshot v1, https://goo.gl/fbAQLP

exports[`Card renderiza filhos e aceita variante hero 1`] = `"<div class="css-view-g5y9jx" style="box-shadow: 0px 6px 20px rgba(0,0,0,0.32); background-color: rgb(37, 37, 64); border-top-color: rgb(67, 97, 238); border-right-color: rgb(67, 97, 238); border-bottom-color: rgb(67, 97, 238); border-left-color: rgb(67, 97, 238); border-top-width: 1px; border-right-width: 1px; border-bottom-width: 1px; border-left-width: 1px; border-top-left-radius: 12px; border-top-right-radius: 12px; border-bottom-right-radius: 12px; border-bottom-left-radius: 12px; padding: 24px 24px 24px 24px;" data-testid="c"><div dir="auto" class="css-text-146c3p1">oi</div></div>"`;
