// Jest Snapshot v1, https://goo.gl/fbAQLP

exports[`Chip snapshot estável selecionado vs não: idle 1`] = `"<button aria-label="A" role="button" tabindex="0" class="css-view-g5y9jx r-cursor-1loqt21 r-touchAction-1otgn73 r-alignItems-1awozwy r-borderRadius-y47klf r-borderWidth-rs99b7 r-justifyContent-1777fci r-paddingBlock-cnw61z r-paddingInline-3pj75a" style="background-color: rgba(0, 0, 0, 0); border-top-color: rgb(42, 42, 69); border-right-color: rgb(42, 42, 69); border-bottom-color: rgb(42, 42, 69); border-left-color: rgb(42, 42, 69);" type="button"><div dir="auto" class="css-text-146c3p1 r-fontSize-1enofrn r-fontWeight-1kfrs79" style="color: rgb(160, 160, 184);">A</div></button>"`;

exports[`Chip snapshot estável selecionado vs não: selected 1`] = `"<button aria-label="A" role="button" tabindex="0" class="css-view-g5y9jx r-cursor-1loqt21 r-touchAction-1otgn73 r-alignItems-1awozwy r-borderRadius-y47klf r-borderWidth-rs99b7 r-justifyContent-1777fci r-paddingBlock-cnw61z r-paddingInline-3pj75a" style="background-color: rgb(34, 170, 85); border-top-color: rgb(34, 170, 85); border-right-color: rgb(34, 170, 85); border-bottom-color: rgb(34, 170, 85); border-left-color: rgb(34, 170, 85);" type="button"><div dir="auto" class="css-text-146c3p1 r-fontSize-1enofrn r-fontWeight-1kfrs79" style="color: rgb(255, 255, 255);">A</div></button>"`;
