// Jest Snapshot v1, https://goo.gl/fbAQLP

exports[`FreeAgentsScreen smoke snapshot estável 1`] = `"<div class="css-view-g5y9jx r-backgroundColor-mm4w40 r-flex-13awgt0"><div class="css-view-g5y9jx r-alignItems-1awozwy r-flexDirection-18u37iz r-gap-1cmwbt1 r-paddingBlock-11f147o r-paddingInline-3pj75a"><div dir="auto" class="css-text-146c3p1 r-color-pp09pm r-fontSize-1enofrn">Posição:</div><div tabindex="0" class="css-view-g5y9jx r-cursor-1loqt21 r-touchAction-1otgn73 r-backgroundColor-5753bg r-borderColor-13qfsgf r-borderRadius-1xfd6ze r-borderWidth-rs99b7 r-paddingBlock-vuvdlw r-paddingInline-3pj75a"><div dir="auto" class="css-text-146c3p1 r-color-jwli3a r-fontSize-1enofrn r-fontWeight-1kfrs79">Todos ▾</div></div></div><div class="css-view-g5y9jx r-alignItems-1awozwy r-flex-13awgt0 r-justifyContent-1777fci"><div dir="auto" class="css-text-146c3p1 r-color-1p3o0lc r-fontSize-1b43r93">Nenhum agente livre disponível</div></div></div>"`;
