// Jest Snapshot v1, https://goo.gl/fbAQLP

exports[`Skeleton renderiza com dimensões custom 1`] = `"<div class="css-view-g5y9jx r-backgroundColor-113svwv r-opacity-17tloay" style="width: 120px; height: 16px; border-top-left-radius: 4px; border-top-right-radius: 4px; border-bottom-right-radius: 4px; border-bottom-left-radius: 4px;"></div>"`;
