// Jest Snapshot v1, https://goo.gl/fbAQLP

exports[`StatBar renderiza label e valor 1`] = `"<div class="css-view-g5y9jx r-alignItems-1awozwy r-flexDirection-18u37iz r-marginBlock-l00any"><div dir="auto" class="css-text-146c3p1 r-color-pp09pm r-fontSize-1enofrn r-width-19554kt">Velocidade</div><div class="css-view-g5y9jx r-backgroundColor-3y58pz r-borderRadius-z2wwpe r-flex-13awgt0 r-justifyContent-1777fci r-marginInline-8dgmk1 r-overflow-1udh08x" style="height: 6px;"></div><div dir="auto" class="css-text-146c3p1 r-fontSize-1enofrn r-fontWeight-1kfrs79 r-textAlign-1ff274t r-width-19tjxh9" style="color: rgb(6, 214, 160);">80</div></div>"`;
