// Jest Snapshot v1, https://goo.gl/fbAQLP

exports[`Toast snapshot por tone: danger 1`] = `"<button role="button" class="css-view-g5y9jx r-transitionProperty-1i6wzkk r-userSelect-lrvibr r-cursor-1loqt21 r-touchAction-1otgn73 r-backgroundColor-5753bg r-borderLeftWidth-119zq30 r-borderRadius-1q9bdsx r-borderWidth-rs99b7 r-bottom-1u8kdu r-left-tceitz r-padding-nsbfu8 r-position-u8s1d r-right-e1k2in" style="border-top-color: rgba(239, 71, 111, 0.6); border-right-color: rgba(239, 71, 111, 0.6); border-bottom-color: rgba(239, 71, 111, 0.6); border-left-color: rgb(239, 71, 111); transition-duration: 0s;" type="button"><div dir="auto" class="css-text-146c3p1 r-fontSize-1enofrn r-fontWeight-b88u0q r-letterSpacing-1ikidpy" style="color: rgb(239, 71, 111);">T</div></button>"`;

exports[`Toast snapshot por tone: gold 1`] = `"<button role="button" class="css-view-g5y9jx r-transitionProperty-1i6wzkk r-userSelect-lrvibr r-cursor-1loqt21 r-touchAction-1otgn73 r-backgroundColor-5753bg r-borderLeftWidth-119zq30 r-borderRadius-1q9bdsx r-borderWidth-rs99b7 r-bottom-1u8kdu r-left-tceitz r-padding-nsbfu8 r-position-u8s1d r-right-e1k2in" style="border-top-color: rgba(255, 215, 0, 0.6); border-right-color: rgba(255, 215, 0, 0.6); border-bottom-color: rgba(255, 215, 0, 0.6); border-left-color: rgb(255, 215, 0); transition-duration: 0s;" type="button"><div dir="auto" class="css-text-146c3p1 r-fontSize-1enofrn r-fontWeight-b88u0q r-letterSpacing-1ikidpy" style="color: rgb(255, 215, 0);">T</div></button>"`;

exports[`Toast snapshot por tone: info 1`] = `"<button role="button" class="css-view-g5y9jx r-transitionProperty-1i6wzkk r-userSelect-lrvibr r-cursor-1loqt21 r-touchAction-1otgn73 r-backgroundColor-5753bg r-borderLeftWidth-119zq30 r-borderRadius-1q9bdsx r-borderWidth-rs99b7 r-bottom-1u8kdu r-left-tceitz r-padding-nsbfu8 r-position-u8s1d r-right-e1k2in" style="border-top-color: rgba(67, 97, 238, 0.6); border-right-color: rgba(67, 97, 238, 0.6); border-bottom-color: rgba(67, 97, 238, 0.6); border-left-color: rgb(67, 97, 238); transition-duration: 0s;" type="button"><div dir="auto" class="css-text-146c3p1 r-fontSize-1enofrn r-fontWeight-b88u0q r-letterSpacing-1ikidpy" style="color: rgb(67, 97, 238);">T</div></button>"`;

exports[`Toast snapshot por tone: success 1`] = `"<button role="button" class="css-view-g5y9jx r-transitionProperty-1i6wzkk r-userSelect-lrvibr r-cursor-1loqt21 r-touchAction-1otgn73 r-backgroundColor-5753bg r-borderLeftWidth-119zq30 r-borderRadius-1q9bdsx r-borderWidth-rs99b7 r-bottom-1u8kdu r-left-tceitz r-padding-nsbfu8 r-position-u8s1d r-right-e1k2in" style="border-top-color: rgba(6, 214, 160, 0.6); border-right-color: rgba(6, 214, 160, 0.6); border-bottom-color: rgba(6, 214, 160, 0.6); border-left-color: rgb(6, 214, 160); transition-duration: 0s;" type="button"><div dir="auto" class="css-text-146c3p1 r-fontSize-1enofrn r-fontWeight-b88u0q r-letterSpacing-1ikidpy" style="color: rgb(6, 214, 160);">T</div></button>"`;
