// Jest Snapshot v1, https://goo.gl/fbAQLP

exports[`TopScorersScreen smoke snapshot estável (detector de drift) 1`] = `"<div class="css-view-g5y9jx r-backgroundColor-mm4w40 r-flex-13awgt0" style=""><div class="css-view-g5y9jx r-alignItems-1awozwy r-paddingBlock-zo2zu6 r-paddingInline-3pj75a"><svg width="72" height="72" viewBox="0 0 64 64" style="margin-bottom: 16px;"><svg d="M28 12a16 16 0 100 32 16 16 0 000-32zm14 30l12 12" fill="none" stroke="#6c6c80" stroke-width="2"></svg></svg><div dir="auto" class="css-text-146c3p1 r-color-jwli3a r-fontSize-1b43r93 r-fontWeight-1kfrs79 r-textAlign-q4m81j">Sem dados ainda — jogue algumas partidas</div></div></div>"`;
